/home/gz/dev/personal/slskit/.venv/lib/python3.9/site-packages/salt/utils/jinja.py:716: DeprecationWarning: 'contextfunction' is renamed to 'pass_context', the old name will be removed in Jinja 3.1.
  def show_full_context(ctx):
