tester:
    BASE
    
    CHILD
    
    My name is tester
