test-gitfs:
  minion_name: test-gitfs
  vault:
    secret: SECRET
test-users:
  minion_name: test-users
  users:
    auser:
      fullname: A User
  vault:
    secret: SECRET
tester:
  minion_name: tester
  vault:
    secret: SECRET
